apiVersion: sme.sap.com/v1alpha1
kind: Domain
metadata:
  name: test-cap-01-primary-dup
  namespace: default
  finalizers:
  - sme.sap.com/domain
  labels:
    sme.sap.com/domain-host-hash: d8b11ae7b1f04e357f32290b81db58c247dac748
spec:
  dnsMode: Wildcard
  domain: app-domain.test.local
  ingressSelector:
    app: istio-ingressgateway
    istio: ingressgateway
  tlsMode: Simple
status:
  state: Error
  conditions:
  - message: Identical domain host is specified in another Domain/ClusterDomain resource
    reason: DuplicateDomainHost
    status: "False"
    type: Ready
  observedDomain: app-domain.test.local
