apiVersion: sme.sap.com/v1alpha1
kind: CAPApplicationVersion
metadata:
  creationTimestamp: "2022-07-18T06:13:52Z"
  generation: 1
  annotations:
    sme.sap.com/btp-app-identifier: btp-glo-acc-id.test-cap-01
    sme.sap.com/owner-identifier: default.test-cap-01
  labels:
    sme.sap.com/btp-app-identifier-hash: f20cc8aeb2003b3abc33f749a16bd53544b6bab2
    sme.sap.com/owner-generation: "2"
    sme.sap.com/owner-identifier-hash: 1f74ae2fbff71a708786a4df4bb2ca87ec603581
  name: test-cap-01-cav-v1
  namespace: default
  finalizers:
    - "sme.sap.com/capapplicationversion"
  ownerReferences:
    - apiVersion: sme.sap.com/v1alpha1
      blockOwnerDeletion: true
      controller: true
      kind: CAPApplication
      name: test-cap-01
      uid: 3c7ba7cb-dc04-4fd1-be86-3eb3a5c64a98
  resourceVersion: "11371108"
  uid: 5e64489b-7346-4984-8617-e8c37338b3d8
spec:
  capApplicationInstance: test-cap-01
  registrySecrets:
    - regcred
  version: 1.2.3
  workloads:
    - name: cap-backend-srv
      consumedBTPServices:
        - cap-uaa
        - cap-service-manager
        - cap-saas-registry
      deploymentDefinition:
        image: docker.image.repo/srv/server:latest
        type: CAP
        env:
          - name: HOST_IP
            valueFrom:
              fieldRef:
                fieldPath: status.PodIp
        ports:
          - name: "app-port"
            port: 4004
            routerDestinationName: "srv-api"
            appProtocol: http
          - name: "app-tech-port"
            port: 4005
            networkPolicy: "Cluster"
        livenessProbe:
          failureThreshold: 3
          httpGet:
            path: /
            port: 4004
          initialDelaySeconds: 20
          periodSeconds: 10
          timeoutSeconds: 2
        readinessProbe:
          failureThreshold: 3
          httpGet:
            path: /
            port: 4004
          initialDelaySeconds: 20
          periodSeconds: 10
          timeoutSeconds: 2
        resources:
          limits:
            cpu: 200m
            memory: 500Mi
          requests:
            cpu: 20m
            memory: 50Mi
    - name: app-router
      annotations:
        foo: "bar"
        sme.sap.com/some-custom-annotation: "some value for the annotation: 'sme.sap.com/some-custom-annotation'"
      consumedBTPServices:
        - cap-uaa
        - cap-saas-registry
      deploymentDefinition:
        image: docker.image.repo/approuter/approuter:latest
        type: Router
        env:
          - name: debug
            valueFrom:
              configMapKeyRef:
                key: someKey
                name: someCM
                optional: true
        ports:
          - name: "router-port"
            port: 4000
            appProtocol: http
          - name: "router-tech-port"
            port: 4004
            networkPolicy: "Cluster"
          - name: "router-metrics-port"
            port: 4007
            networkPolicy: "Cluster"
        livenessProbe:
          failureThreshold: 3
          httpGet:
            path: /
            port: 4000
          initialDelaySeconds: 20
          periodSeconds: 10
          timeoutSeconds: 2
        readinessProbe:
          failureThreshold: 3
          httpGet:
            path: /
            port: 4000
          initialDelaySeconds: 20
          periodSeconds: 10
          timeoutSeconds: 2
        resources:
          limits:
            cpu: 200m
            memory: 500Mi
          requests:
            cpu: 20m
            memory: 50Mi
        securityContext:
          runAsUser: 1000
          runAsGroup: 2000
        podSecurityContext:
          runAsUser: 2000
          fsGroup: 2000
    - name: content-job
      consumedBTPServices:
        - cap-uaa
      jobDefinition:
        image: docker.image.repo/content/cap-content:latest
        type: Content
        env:
          - name: SOME_VERSION
            value: 0.0.1
        resources:
          limits:
            cpu: 100m
            memory: 200Mi
          requests:
            cpu: 10m
            memory: 20Mi
    - name: mtx-job
      consumedBTPServices:
        - cap-uaa
        - cap-service-manager
        - cap-saas-registry
      jobDefinition:
        image: docker.image.repo/srv/server:latest
        type: TenantOperation
    - name: job-worker
      consumedBTPServices:
        - cap-uaa
        - cap-service-manager
        - cap-saas-registry
      deploymentDefinition:
        image: docker.image.repo/srv/server:latest
        type: Additional
        env:
          - name: TEST_SEC_REF
            valueFrom:
              secretKeyRef:
                key: someKey
                name: someSecret
                optional: true
status:
  conditions:
    - reason: CreatedDeployments
      observedGeneration: 1
      status: "True"
      type: Ready
  observedGeneration: 1
  finishedJobs:
    - "test-cap-01-cav-v1-content"
  state: Ready
---
apiVersion: apps/v1
kind: Deployment
metadata:
  annotations:
    foo: "bar"
    sme.sap.com/some-custom-annotation: "some value for the annotation: 'sme.sap.com/some-custom-annotation'"
    sme.sap.com/btp-app-identifier: btp-glo-acc-id.test-cap-01
    sme.sap.com/owner-identifier: default.test-cap-01-cav-v1
  labels:
    app: test-cap-01
    sme.sap.com/category: Workload
    sme.sap.com/workload-name: test-cap-01-cav-v1-app-router
    sme.sap.com/workload-type: Router
    sme.sap.com/btp-app-identifier-hash: f20cc8aeb2003b3abc33f749a16bd53544b6bab2
    sme.sap.com/cav-version: "1.2.3"
    sme.sap.com/owner-generation: "1"
    sme.sap.com/owner-identifier-hash: e95e0682f33a657e75e1fc435972d19bd407ba3b
  name: test-cap-01-cav-v1-app-router
  namespace: default
  ownerReferences:
    - apiVersion: sme.sap.com/v1alpha1
      blockOwnerDeletion: true
      controller: true
      kind: CAPApplicationVersion
      name: test-cap-01-cav-v1
      uid: 5e64489b-7346-4984-8617-e8c37338b3d8
spec:
  selector:
    matchLabels:
      app: test-cap-01
      sme.sap.com/category: Workload
      sme.sap.com/workload-name: test-cap-01-cav-v1-app-router
      sme.sap.com/workload-type: Router
      sme.sap.com/btp-app-identifier-hash: f20cc8aeb2003b3abc33f749a16bd53544b6bab2
      sme.sap.com/cav-version: "1.2.3"
      sme.sap.com/owner-generation: "1"
      sme.sap.com/owner-identifier-hash: e95e0682f33a657e75e1fc435972d19bd407ba3b
  template:
    metadata:
      creationTimestamp: null
      annotations:
        foo: "bar"
        sme.sap.com/some-custom-annotation: "some value for the annotation: 'sme.sap.com/some-custom-annotation'"
        sme.sap.com/btp-app-identifier: btp-glo-acc-id.test-cap-01
        sme.sap.com/owner-identifier: default.test-cap-01-cav-v1
      labels:
        app: test-cap-01
        sme.sap.com/category: Workload
        sme.sap.com/workload-name: test-cap-01-cav-v1-app-router
        sme.sap.com/workload-type: Router
        sme.sap.com/btp-app-identifier-hash: f20cc8aeb2003b3abc33f749a16bd53544b6bab2
        sme.sap.com/cav-version: "1.2.3"
        sme.sap.com/owner-generation: "1"
        sme.sap.com/owner-identifier-hash: e95e0682f33a657e75e1fc435972d19bd407ba3b
    spec:
      containers:
        - env:
            - name: CAPOP_APP_VERSION
              value: "1.2.3"
            - name: debug
              valueFrom:
                configMapKeyRef:
                  key: someKey
                  name: someCM
                  optional: true
            - name: destinations
              value: '[{"name":"srv-api","url":"http://test-cap-01-cav-v1-cap-backend-srv-svc:4004","forwardAuthToken":true}]'
          envFrom:
            - secretRef:
                name: test-cap-01-cav-v1-app-router-gen
                optional: true
          image: docker.image.repo/approuter/approuter:latest
          livenessProbe:
            failureThreshold: 3
            httpGet:
              path: /
              port: 4000
            initialDelaySeconds: 20
            periodSeconds: 10
            timeoutSeconds: 2
          readinessProbe:
            failureThreshold: 3
            httpGet:
              path: /
              port: 4000
            initialDelaySeconds: 20
            periodSeconds: 10
            timeoutSeconds: 2
          resources:
            limits:
              cpu: 200m
              memory: 500Mi
            requests:
              cpu: 20m
              memory: 50Mi
          securityContext:
            runAsUser: 1000
            runAsGroup: 2000
          name: app-router
      imagePullSecrets:
        - name: regcred
      securityContext:
        runAsUser: 2000
        fsGroup: 2000
---
apiVersion: networking.k8s.io/v1
kind: NetworkPolicy
metadata:
  name: test-cap-01-cav-v1
  namespace: default
  ownerReferences:
    - apiVersion: sme.sap.com/v1alpha1
      blockOwnerDeletion: true
      controller: true
      kind: CAPApplicationVersion
      name: test-cap-01-cav-v1
      uid: 5e64489b-7346-4984-8617-e8c37338b3d8
spec:
  ingress:
    - from:
        - podSelector:
            matchLabels:
              app: test-cap-01
              sme.sap.com/btp-app-identifier-hash: f20cc8aeb2003b3abc33f749a16bd53544b6bab2
              sme.sap.com/category: Workload
              sme.sap.com/cav-version: "1.2.3"
  podSelector:
    matchLabels:
      app: test-cap-01
      sme.sap.com/btp-app-identifier-hash: f20cc8aeb2003b3abc33f749a16bd53544b6bab2
      sme.sap.com/category: Workload
      sme.sap.com/cav-version: "1.2.3"
  policyTypes:
    - Ingress
---
apiVersion: networking.k8s.io/v1
kind: NetworkPolicy
metadata:
  name: test-cap-01-cav-v1--in
  namespace: default
  ownerReferences:
    - apiVersion: sme.sap.com/v1alpha1
      blockOwnerDeletion: true
      controller: true
      kind: CAPApplicationVersion
      name: test-cap-01-cav-v1
      uid: 5e64489b-7346-4984-8617-e8c37338b3d8
spec:
  ingress:
    - from:
        - namespaceSelector: {}
          podSelector:
            matchLabels:
              app: istio-ingressgateway
              istio: ingressgateway
  podSelector:
    matchLabels:
      app: test-cap-01
      sme.sap.com/btp-app-identifier-hash: f20cc8aeb2003b3abc33f749a16bd53544b6bab2
      sme.sap.com/category: Workload
      sme.sap.com/workload-type: Router
      sme.sap.com/cav-version: "1.2.3"
  policyTypes:
    - Ingress
---
apiVersion: networking.k8s.io/v1
kind: NetworkPolicy
metadata:
  name: test-cap-01-cav-v1-app-router
  namespace: default
  ownerReferences:
    - apiVersion: sme.sap.com/v1alpha1
      blockOwnerDeletion: true
      controller: true
      kind: CAPApplicationVersion
      name: test-cap-01-cav-v1
      uid: 5e64489b-7346-4984-8617-e8c37338b3d8
spec:
  ingress:
    - from:
        - namespaceSelector: {}
          podSelector: {}
      ports:
        - port: 4004
        - port: 4007
  podSelector:
    matchLabels:
      app: test-cap-01
      sme.sap.com/btp-app-identifier-hash: f20cc8aeb2003b3abc33f749a16bd53544b6bab2
      sme.sap.com/category: Workload
      sme.sap.com/workload-name: test-cap-01-cav-v1-app-router
      sme.sap.com/workload-type: Router
      sme.sap.com/cav-version: "1.2.3"
  policyTypes:
    - Ingress
---
apiVersion: networking.k8s.io/v1
kind: NetworkPolicy
metadata:
  name: test-cap-01-cav-v1-cap-backend-srv
  namespace: default
  ownerReferences:
    - apiVersion: sme.sap.com/v1alpha1
      blockOwnerDeletion: true
      controller: true
      kind: CAPApplicationVersion
      name: test-cap-01-cav-v1
      uid: 5e64489b-7346-4984-8617-e8c37338b3d8
spec:
  ingress:
    - from:
        - namespaceSelector: {}
          podSelector: {}
      ports:
        - port: 4005
  podSelector:
    matchLabels:
      app: test-cap-01
      sme.sap.com/btp-app-identifier-hash: f20cc8aeb2003b3abc33f749a16bd53544b6bab2
      sme.sap.com/category: Workload
      sme.sap.com/workload-name: test-cap-01-cav-v1-cap-backend-srv
      sme.sap.com/workload-type: CAP
      sme.sap.com/cav-version: "1.2.3"
  policyTypes:
    - Ingress
---
apiVersion: v1
kind: Service
metadata:
  annotations:
    foo: "bar"
    sme.sap.com/some-custom-annotation: "some value for the annotation: 'sme.sap.com/some-custom-annotation'"
    sme.sap.com/btp-app-identifier: btp-glo-acc-id.test-cap-01
    sme.sap.com/owner-identifier: default.test-cap-01-cav-v1
  labels:
    app: test-cap-01
    sme.sap.com/btp-app-identifier-hash: f20cc8aeb2003b3abc33f749a16bd53544b6bab2
    sme.sap.com/category: Service
    sme.sap.com/workload-name: test-cap-01-cav-v1-app-router-svc
    sme.sap.com/workload-type: Router
    sme.sap.com/cav-version: "1.2.3"
    sme.sap.com/owner-generation: "1"
    sme.sap.com/owner-identifier-hash: e95e0682f33a657e75e1fc435972d19bd407ba3b
  name: test-cap-01-cav-v1-app-router-svc
  namespace: default
  ownerReferences:
    - apiVersion: sme.sap.com/v1alpha1
      blockOwnerDeletion: true
      controller: true
      kind: CAPApplicationVersion
      name: test-cap-01-cav-v1
      uid: 5e64489b-7346-4984-8617-e8c37338b3d8
spec:
  ports:
    - name: router-port
      port: 4000
      appProtocol: "http"
    - name: router-tech-port
      port: 4004
    - name: router-metrics-port
      port: 4007
  selector:
    app: test-cap-01
    sme.sap.com/btp-app-identifier-hash: f20cc8aeb2003b3abc33f749a16bd53544b6bab2
    sme.sap.com/category: Workload
    sme.sap.com/workload-name: test-cap-01-cav-v1-app-router
    sme.sap.com/workload-type: Router
    sme.sap.com/cav-version: "1.2.3"
