apiVersion: sme.sap.com/v1alpha1
kind: CAPApplicationVersion
metadata:
  creationTimestamp: "2022-07-18T06:13:52Z"
  generation: 1
  annotations:
    sme.sap.com/btp-app-identifier: btp-glo-acc-id.test-cap-01
    sme.sap.com/owner-identifier: default.test-cap-01
  labels:
    sme.sap.com/btp-app-identifier-hash: f20cc8aeb2003b3abc33f749a16bd53544b6bab2
    sme.sap.com/owner-generation: "2"
    sme.sap.com/owner-identifier-hash: 1f74ae2fbff71a708786a4df4bb2ca87ec603581
  name: test-cap-01-cav-v1
  namespace: default
  finalizers:
    - "sme.sap.com/capapplicationversion"
  ownerReferences:
    - apiVersion: sme.sap.com/v1alpha1
      blockOwnerDeletion: true
      controller: true
      kind: CAPApplication
      name: test-cap-01
      uid: 3c7ba7cb-dc04-4fd1-be86-3eb3a5c64a98
  resourceVersion: "11371108"
  uid: 5e64489b-7346-4984-8617-e8c37338b3d8
spec:
  capApplicationInstance: test-cap-01
  registrySecrets:
    - regcred
  version: 1.2.3
  workloads:
    - name: cap-backend-srv
      consumedBTPServices:
        - cap-uaa
        - cap-service-manager
        - cap-saas-registry
      deploymentDefinition:
        image: docker.image.repo/srv/server:latest
        type: CAP
        env:
          - name: HOST_IP
            valueFrom:
              fieldRef:
                fieldPath: status.PodIp
    - name: app-router
      consumedBTPServices:
        - cap-uaa
        - cap-saas-registry
      deploymentDefinition:
        image: docker.image.repo/approuter/approuter:latest
        imagePullPolicy: "Always"
        type: Router
        env:
          - name: debug
            valueFrom:
              configMapKeyRef:
                key: someKey
                name: someCM
                optional: true
    - name: content-job
      consumedBTPServices:
        - cap-uaa
      jobDefinition:
        image: docker.image.repo/content/cap-content:latest
        type: Content
        env:
          - name: SOME_VERSION
            value: 0.0.1
    - name: mtx-job
      consumedBTPServices:
        - cap-uaa
        - cap-service-manager
        - cap-saas-registry
      jobDefinition:
        image: docker.image.repo/srv/server:latest
        type: TenantOperation
    - name: job-worker
      consumedBTPServices:
        - cap-uaa
        - cap-service-manager
        - cap-saas-registry
      deploymentDefinition:
        image: docker.image.repo/srv/server:latest
        type: Additional
        env:
          - name: TEST_SEC_REF
            valueFrom:
              secretKeyRef:
                key: someKey
                name: someSecret
                optional: true
status:
  conditions:
    - reason: CreatedDeployments
      observedGeneration: 1
      status: "True"
      type: Ready
  observedGeneration: 1
  finishedJobs:
    - "test-cap-01-cav-v1-content"
  state: Ready
---
apiVersion: apps/v1
kind: Deployment
metadata:
  labels:
    app: test-cap-01
    sme.sap.com/category: Workload
    sme.sap.com/workload-name: test-cap-01-cav-v1-app-router
    sme.sap.com/workload-type: Router
    sme.sap.com/btp-app-identifier-hash: f20cc8aeb2003b3abc33f749a16bd53544b6bab2
    sme.sap.com/cav-version: "1.2.3"
    sme.sap.com/owner-generation: "1"
    sme.sap.com/owner-identifier-hash: e95e0682f33a657e75e1fc435972d19bd407ba3b
  annotations:
    sme.sap.com/btp-app-identifier: btp-glo-acc-id.test-cap-01
    sme.sap.com/owner-identifier: default.test-cap-01-cav-v1
  name: test-cap-01-cav-v1-app-router
  namespace: default
  ownerReferences:
    - apiVersion: sme.sap.com/v1alpha1
      blockOwnerDeletion: true
      controller: true
      kind: CAPApplicationVersion
      name: test-cap-01-cav-v1
      uid: 5e64489b-7346-4984-8617-e8c37338b3d8
spec:
  selector:
    matchLabels:
      app: test-cap-01
      sme.sap.com/category: Workload
      sme.sap.com/workload-name: test-cap-01-cav-v1-app-router
      sme.sap.com/workload-type: Router
      sme.sap.com/btp-app-identifier-hash: f20cc8aeb2003b3abc33f749a16bd53544b6bab2
      sme.sap.com/cav-version: "1.2.3"
      sme.sap.com/owner-generation: "1"
      sme.sap.com/owner-identifier-hash: e95e0682f33a657e75e1fc435972d19bd407ba3b
  template:
    metadata:
      creationTimestamp: null
      labels:
        app: test-cap-01
        sme.sap.com/category: Workload
        sme.sap.com/workload-name: test-cap-01-cav-v1-app-router
        sme.sap.com/workload-type: Router
        sme.sap.com/btp-app-identifier-hash: f20cc8aeb2003b3abc33f749a16bd53544b6bab2
        sme.sap.com/cav-version: "1.2.3"
        sme.sap.com/owner-generation: "1"
        sme.sap.com/owner-identifier-hash: e95e0682f33a657e75e1fc435972d19bd407ba3b
      annotations:
        sme.sap.com/btp-app-identifier: btp-glo-acc-id.test-cap-01
        sme.sap.com/owner-identifier: default.test-cap-01-cav-v1
    spec:
      containers:
        - env:
            - name: CAPOP_APP_VERSION
              value: "1.2.3"
            - name: debug
              valueFrom:
                configMapKeyRef:
                  key: someKey
                  name: someCM
                  optional: true
            - name: destinations
              value: '[{"name":"srv-api","url":"http://test-cap-01-cav-v1-cap-backend-srv-svc:4004","forwardAuthToken":true}]'
          envFrom:
            - secretRef:
                name: test-cap-01-cav-v1-app-router-gen
                optional: true
          image: docker.image.repo/approuter/approuter:latest
          imagePullPolicy: "Always"
          name: app-router
      imagePullSecrets:
        - name: regcred
