apiVersion: sme.sap.com/v1alpha1
kind: CAPTenant
metadata:
  finalizers:
    - sme.sap.com/captenant
  labels:
    sme.sap.com/btp-app-identifier-hash: f20cc8aeb2003b3abc33f749a16bd53544b6bab2
    sme.sap.com/btp-tenant-id: tenant-id-for-consumer
    sme.sap.com/owner-generation: "2"
    sme.sap.com/owner-identifier-hash: 1f74ae2fbff71a708786a4df4bb2ca87ec603581
    sme.sap.com/tenant-type: consumer
  annotations:
    sme.sap.com/btp-app-identifier: btp-glo-acc-id.test-cap-01
    sme.sap.com/owner-identifier: default.test-cap-01
  name: test-cap-01-consumer
  namespace: default
  ownerReferences:
    - apiVersion: sme.sap.com/v1alpha1
      blockOwnerDeletion: true
      controller: true
      kind: CAPApplication
      name: test-cap-01
      uid: 3c7ba7cb-dc04-4fd1-be86-3eb3a5c64a98
spec:
  capApplicationInstance: test-cap-01
  subDomain: my-consumer
  tenantId: tenant-id-for-consumer
  version: 8.9.10
  versionUpgradeStrategy: always
status:
  observedGeneration: 0
  state: Provisioning
  conditions:
    - type: Ready
      status: "False"
      observedGeneration: 0
      reason: ProvisioningOperationCreated
      message: "waiting for CAPTenantOperation default.test-cap-01-consumer-gen of type provisioning to complete"
---
apiVersion: sme.sap.com/v1alpha1
kind: CAPTenantOperation
metadata:
  generateName: test-cap-01-consumer-
  name: test-cap-01-consumer-gen
  namespace: default
  finalizers:
    - sme.sap.com/captenantoperation
  annotations:
    sme.sap.com/owner-identifier: default.test-cap-01-consumer
  labels:
    sme.sap.com/btp-app-identifier-hash: f20cc8aeb2003b3abc33f749a16bd53544b6bab2
    sme.sap.com/cav-version: 8.9.10
    sme.sap.com/owner-generation: "0"
    sme.sap.com/owner-identifier-hash: a9df2080f99fd77b1b2c7e4cee1e1bff69498511
    sme.sap.com/tenant-operation-type: provisioning
  ownerReferences:
    - apiVersion: sme.sap.com/v1alpha1
      blockOwnerDeletion: true
      controller: true
      kind: CAPTenant
      name: test-cap-01-consumer
spec:
  capApplicationVersionInstance: test-cap-01-cav-v2
  subDomain: my-consumer
  tenantId: tenant-id-for-consumer
  operation: provisioning
  steps:
    - name: custom-say
      type: CustomTenantOperation
    - name: ten-op
      type: TenantOperation
