apiVersion: sme.sap.com/v1alpha1
kind: CAPTenant
metadata:
  finalizers:
    - sme.sap.com/captenant
  annotations:
    sme.sap.com/btp-app-identifier: btp-glo-acc-id.test-cap-01
    sme.sap.com/owner-identifier: default.test-cap-01
  labels:
    sme.sap.com/btp-app-identifier-hash: f20cc8aeb2003b3abc33f749a16bd53544b6bab2
    sme.sap.com/btp-tenant-id: tenant-id-for-provider
    sme.sap.com/owner-generation: "2"
    sme.sap.com/owner-identifier-hash: 1f74ae2fbff71a708786a4df4bb2ca87ec603581
    sme.sap.com/tenant-type: provider
  name: test-cap-01-provider
  namespace: default
  ownerReferences:
    - apiVersion: sme.sap.com/v1alpha1
      blockOwnerDeletion: true
      controller: true
      kind: CAPApplication
      name: test-cap-01
      uid: 3c7ba7cb-dc04-4fd1-be86-3eb3a5c64a98
spec:
  capApplicationInstance: test-cap-01
  subDomain: my-provider
  tenantId: tenant-id-for-provider
  version: 5.6.7
  versionUpgradeStrategy: always
status:
  conditions:
    - message: "CAPTenantOperation default.test-cap-01-provider-s6f4l successfully completed"
      reason: ProvisioningCompleted
      status: "True"
      type: Ready
  state: Ready
  currentCAPApplicationVersionInstance: test-cap-01-cav-v1
---
apiVersion: networking.istio.io/v1
kind: VirtualService
metadata:
  annotations:
    sme.sap.com/resource-hash: 095aa539f02dffd3044dbd6d7d00f1a6d564791fecf6d5477dd9a7b320098d68
    sme.sap.com/owner-identifier: default.test-cap-01-provider
  labels:
    sme.sap.com/owner-generation: "0"
    sme.sap.com/owner-identifier-hash: db1f1fd7eaeb0e6407c741b7e4b2540044bcc4ec
  name: test-cap-01-provider
  namespace: default
  ownerReferences:
    - apiVersion: sme.sap.com/v1alpha1
      blockOwnerDeletion: true
      controller: true
      kind: CAPTenant
      name: test-cap-01-provider
spec:
  gateways:
    - test-cap-01-primary-gen
    - default/test-cap-01-secondary-gen
  hosts:
    - my-provider.app-domain.test.local
    - my-provider.foo.bar.local
  http:
    - match:
        - uri:
            prefix: /
      route:
        - destination:
            host: test-cap-01-cav-v1-app-router-svc.default.svc.cluster.local
            port:
              number: 5000
          weight: 100
---
apiVersion: networking.istio.io/v1
kind: DestinationRule
metadata:
  annotations:
    sme.sap.com/resource-hash: 76ac6b80ce55711ae052011d8d29727030c897d4869ba6c403ac6842f08b93d6
    sme.sap.com/owner-identifier: default.test-cap-01-provider
  labels:
    sme.sap.com/owner-generation: "0"
    sme.sap.com/owner-identifier-hash: db1f1fd7eaeb0e6407c741b7e4b2540044bcc4ec
  name: test-cap-01-provider
  namespace: default
  ownerReferences:
    - apiVersion: sme.sap.com/v1alpha1
      blockOwnerDeletion: true
      controller: true
      kind: CAPTenant
      name: test-cap-01-provider
spec:
  host: test-cap-01-cav-v1-app-router-svc.default.svc.cluster.local
  trafficPolicy:
    loadBalancer:
      consistentHash:
        httpCookie:
          name: CAPOP_ROUTER_STICKY
          path: /
          ttl: 0s
