apiVersion: sme.sap.com/v1alpha1
kind: CAPTenant
metadata:
  deletionTimestamp: "2022-03-22T13:24:38Z"
  finalizers:
    - sme.sap.com/captenant
  annotations:
    sme.sap.com/btp-app-identifier: btp-glo-acc-id.test-cap-01
    sme.sap.com/owner-identifier: default.test-cap-01
  labels:
    sme.sap.com/btp-app-identifier-hash: f20cc8aeb2003b3abc33f749a16bd53544b6bab2
    sme.sap.com/btp-tenant-id: tenant-id-for-provider
    sme.sap.com/owner-generation: "2"
    sme.sap.com/owner-identifier-hash: 1f74ae2fbff71a708786a4df4bb2ca87ec603581
    sme.sap.com/tenant-type: provider
  name: test-cap-01-provider
  namespace: default
  ownerReferences:
    - apiVersion: sme.sap.com/v1alpha1
      blockOwnerDeletion: true
      controller: true
      kind: CAPApplication
      name: test-cap-01
      uid: 3c7ba7cb-dc04-4fd1-be86-3eb3a5c64a98
spec:
  capApplicationInstance: test-cap-01
  subDomain: my-provider
  tenantId: tenant-id-for-provider
  version: 5.6.7
  versionUpgradeStrategy: always
status:
  conditions:
    - message: "waiting for CAPTenantOperation default.test-cap-01-provider-gen of type deprovisioning to complete"
      reason: DeprovisioningOperationCreated
      status: "False"
      type: Ready
  state: Deleting
  currentCAPApplicationVersionInstance: test-cap-01-cav-v1
---
apiVersion: sme.sap.com/v1alpha1
kind: CAPTenantOperation
metadata:
  generateName: test-cap-01-provider-
  name: test-cap-01-provider-gen
  namespace: default
  finalizers:
    - sme.sap.com/captenantoperation
  annotations:
    sme.sap.com/owner-identifier: default.test-cap-01-provider
  labels:
    sme.sap.com/owner-generation: "0"
    sme.sap.com/owner-identifier-hash: db1f1fd7eaeb0e6407c741b7e4b2540044bcc4ec
    sme.sap.com/tenant-operation-type: deprovisioning
  ownerReferences:
    - apiVersion: sme.sap.com/v1alpha1
      blockOwnerDeletion: true
      controller: true
      kind: CAPTenant
      name: test-cap-01-provider
spec:
  capApplicationVersionInstance: test-cap-01-cav-v1
  subDomain: my-provider
  tenantId: tenant-id-for-provider
  operation: deprovisioning
  steps:
    - name: mtx
      type: TenantOperation
