apiVersion: sme.sap.com/v1alpha1
kind: CAPTenantOperation
metadata:
  name: test-cap-01-provider-abcd
  namespace: default
  generation: 1
  finalizers:
    - sme.sap.com/captenantoperation
  annotations:
    sme.sap.com/owner-identifier: default.test-cap-01-provider
  labels:
    sme.sap.com/tenant-operation-type: upgrade
    sme.sap.com/owner-generation: "0"
    sme.sap.com/owner-identifier-hash: db1f1fd7eaeb0e6407c741b7e4b2540044bcc4ec
    sme.sap.com/btp-app-identifier-hash: f20cc8aeb2003b3abc33f749a16bd53544b6bab2
    sme.sap.com/cav-version: 8.9.10
  ownerReferences:
    - apiVersion: sme.sap.com/v1alpha1
      blockOwnerDeletion: true
      controller: true
      kind: CAPTenant
      name: test-cap-01-provider
spec:
  tenantId: tenant-id-for-provider
  subDomain: my-provider
  operation: upgrade
  capApplicationVersionInstance: test-cap-01-cav-v2
  steps:
    - name: ten-op
      type: TenantOperation
status:
  state: Processing
  observedGeneration: 1
  conditions:
    - type: Ready
      status: "False"
      observedGeneration: 1
      reason: StepInitiated
      message: "step 1/1 : job default.test-cap-01-provider-ten-op-gen created"
  currentStep: 1
  activeJob: "test-cap-01-provider-ten-op-gen"
---
apiVersion: batch/v1
kind: Job
metadata:
  annotations:
    sidecar.istio.io/inject: "false"
    sme.sap.com/owner-identifier: default.test-cap-01-provider-abcd
    sme.sap.com/btp-app-identifier: btp-glo-acc-id.test-cap-01
  labels:
    sme.sap.com/tenant-operation-step: "1"
    sme.sap.com/tenant-operation-type: upgrade
    sme.sap.com/owner-generation: "1"
    sme.sap.com/owner-identifier-hash: ce6bb3ae0b5ebbd0116259415ccac00bff0dc431
    app: test-cap-01
    sme.sap.com/btp-app-identifier-hash: f20cc8aeb2003b3abc33f749a16bd53544b6bab2
    sme.sap.com/category: "Workload"
    sme.sap.com/workload-name: "ten-op"
    sme.sap.com/workload-type: "TenantOperation"
  generateName: test-cap-01-provider-ten-op-
  name: test-cap-01-provider-ten-op-gen
  namespace: default
  ownerReferences:
    - apiVersion: sme.sap.com/v1alpha1
      blockOwnerDeletion: true
      controller: true
      kind: CAPTenantOperation
      name: test-cap-01-provider-abcd
spec:
  backoffLimit: 1
  ttlSecondsAfterFinished: 150
  template:
    metadata:
      annotations:
        sidecar.istio.io/inject: "false"
        sme.sap.com/owner-identifier: default.test-cap-01-provider-abcd
        sme.sap.com/btp-app-identifier: btp-glo-acc-id.test-cap-01
      labels:
        sme.sap.com/tenant-operation-step: "1"
        sme.sap.com/tenant-operation-type: upgrade
        sme.sap.com/owner-generation: "1"
        sme.sap.com/owner-identifier-hash: ce6bb3ae0b5ebbd0116259415ccac00bff0dc431
        app: test-cap-01
        sme.sap.com/btp-app-identifier-hash: f20cc8aeb2003b3abc33f749a16bd53544b6bab2
        sme.sap.com/category: "Workload"
        sme.sap.com/workload-name: "ten-op"
        sme.sap.com/workload-type: "TenantOperation"
    spec:
      containers:
        - env:
            - name: CAPOP_APP_VERSION
              value: 8.9.10
            - name: CAPOP_TENANT_ID
              value: tenant-id-for-provider
            - name: CAPOP_TENANT_OPERATION
              value: upgrade
            - name: CAPOP_TENANT_SUBDOMAIN
              value: my-provider
            - name: CAPOP_TENANT_TYPE
              value: provider
            - name: CAPOP_APP_NAME
              value: test-cap-01
            - name: CAPOP_GLOBAL_ACCOUNT_ID
              value: btp-glo-acc-id
            - name: CAPOP_PROVIDER_TENANT_ID
              value: tenant-id-for-provider
            - name: CAPOP_PROVIDER_SUBDOMAIN
              value: my-provider
            - name: CAPOP_TENANT_MTXS_OPERATION
              value: upgrade
            - name: flow
              value: glow
            - name: IS_MTXS_ENABLED
              value: "false"
          envFrom:
            - secretRef:
                name: test-cap-01-provider-abcd-ten-op-gen
                optional: true
          command: ["node", "./node_modules/@sap/cds-mtxs/bin/cds-mtx"]
          args: ["$(CAPOP_TENANT_MTXS_OPERATION)", "tenant-id-for-provider"]
          image: docker.image.repo/srv/server:latest
          name: ten-op
      imagePullSecrets:
        - name: regcred
      restartPolicy: Never
