apiVersion: sme.sap.com/v1alpha1
kind: CAPTenantOperation
metadata:
  name: test-cap-01-provider-abcd
  namespace: default
  generation: 1
  finalizers:
    - sme.sap.com/captenantoperation
  annotations:
    sme.sap.com/owner-identifier: default.test-cap-01-provider
    sme.sap.com/subscription-context-secret: test-cap-01-gen
  labels:
    sme.sap.com/tenant-operation-type: provisioning
    sme.sap.com/owner-generation: "0"
    sme.sap.com/owner-identifier-hash: db1f1fd7eaeb0e6407c741b7e4b2540044bcc4ec
  ownerReferences:
    - apiVersion: sme.sap.com/v1alpha1
      blockOwnerDeletion: true
      controller: true
      kind: CAPTenant
      name: test-cap-01-provider
spec:
  tenantId: tenant-id-for-provider
  operation: provisioning
  capApplicationVersionInstance: test-cap-01-cav-v1
  steps:
    - name: mtx
      type: TenantOperation
status:
  state: Processing
  conditions: []
  currentStep: 1
