apiVersion: sme.sap.com/v1alpha1
kind: CAPTenantOperation
metadata:
  name: test-cap-01-provider-abcd
  namespace: default
  generation: 1
  finalizers:
    - sme.sap.com/captenantoperation
  annotations:
    sme.sap.com/owner-identifier: default.test-cap-01-provider
  labels:
    sme.sap.com/tenant-operation-type: upgrade
    sme.sap.com/owner-generation: "0"
    sme.sap.com/owner-identifier-hash: db1f1fd7eaeb0e6407c741b7e4b2540044bcc4ec
    sme.sap.com/cav-version: 8.9.10
  ownerReferences:
    - apiVersion: sme.sap.com/v1alpha1
      blockOwnerDeletion: true
      controller: true
      kind: CAPTenant
      name: test-cap-01-provider
spec:
  tenantId: tenant-id-for-provider
  subDomain: my-provider
  operation: upgrade
  capApplicationVersionInstance: test-cap-01-cav-v2
  steps:
    - name: custom-say
      type: CustomTenantOperation
    - name: ten-op
      type: TenantOperation
    - name: custom-say
      type: CustomTenantOperation
status:
  state: Processing
  observedGeneration: 1
  conditions:
    - type: Ready
      status: "False"
      observedGeneration: 1
      reason: StepInitiated
      message: "step 1/3 : job default.test-cap-01-provider-custom-say-gen created"
  currentStep: 1
  activeJob: "test-cap-01-provider-custom-say-gen"
---
apiVersion: batch/v1
kind: Job
metadata:
  annotations:
    foo: "bar"
    sme.sap.com/my-custom-app-identifier: "some value for the annotation: `sme.sap.com/my-custom-app-identifier`"
    sidecar.istio.io/inject: "false"
    sme.sap.com/owner-identifier: default.test-cap-01-provider-abcd
    sme.sap.com/btp-app-identifier: btp-glo-acc-id.test-cap-01
  labels:
    sme.sap.com/tenant-operation-step: "1"
    sme.sap.com/tenant-operation-type: upgrade
    sme.sap.com/owner-generation: "1"
    sme.sap.com/owner-identifier-hash: ce6bb3ae0b5ebbd0116259415ccac00bff0dc431
    sme.sap.com/btp-app-identifier-hash: f20cc8aeb2003b3abc33f749a16bd53544b6bab2
    app: test-cap-01
    sme.sap.com/category: "Workload"
    sme.sap.com/workload-name: "custom-say"
    sme.sap.com/workload-type: "CustomTenantOperation"
  generateName: test-cap-01-provider-custom-say-
  name: test-cap-01-provider-custom-say-gen
  namespace: default
  ownerReferences:
    - apiVersion: sme.sap.com/v1alpha1
      blockOwnerDeletion: true
      controller: true
      kind: CAPTenantOperation
      name: test-cap-01-provider-abcd
spec:
  backoffLimit: 1
  ttlSecondsAfterFinished: 150
  template:
    metadata:
      annotations:
        foo: "bar"
        sme.sap.com/my-custom-app-identifier: "some value for the annotation: `sme.sap.com/my-custom-app-identifier`"
        sidecar.istio.io/inject: "false"
        sme.sap.com/owner-identifier: default.test-cap-01-provider-abcd
        sme.sap.com/btp-app-identifier: btp-glo-acc-id.test-cap-01
      labels:
        sme.sap.com/tenant-operation-step: "1"
        sme.sap.com/tenant-operation-type: upgrade
        sme.sap.com/owner-generation: "1"
        sme.sap.com/owner-identifier-hash: ce6bb3ae0b5ebbd0116259415ccac00bff0dc431
        sme.sap.com/btp-app-identifier-hash: f20cc8aeb2003b3abc33f749a16bd53544b6bab2
        app: test-cap-01
        sme.sap.com/category: "Workload"
        sme.sap.com/workload-name: "custom-say"
        sme.sap.com/workload-type: "CustomTenantOperation"
    spec:
      containers:
        - env:
            - name: CAPOP_APP_VERSION
              value: 8.9.10
            - name: CAPOP_TENANT_ID
              value: tenant-id-for-provider
            - name: CAPOP_TENANT_OPERATION
              value: upgrade
            - name: CAPOP_TENANT_SUBDOMAIN
              value: my-provider
            - name: close
              value: encounter
          envFrom:
            - secretRef:
                name: test-cap-01-provider-abcd-custom-say-gen
                optional: true
          securityContext:
            runAsUser: 1000
            runAsGroup: 2000
          image: docker/whalesay
          command: ["cowsay", "$(CAPOP_TENANT_OPERATION)", "$(CAPOP_TENANT_ID)"]
          name: custom-say
      imagePullSecrets:
        - name: regcred
      securityContext:
        runAsUser: 2000
        runAsGroup: 2000
      restartPolicy: Never
